[2026-02-02T14:48:30.331Z] [INFO] Starting Full Backend Test...
[2026-02-02T14:48:30.334Z] [INFO] 1. Testing Health Check...
[2026-02-02T14:48:30.379Z] [INFO] Health Check: 200 OK
[2026-02-02T14:48:30.379Z] [INFO] Health Data: {"success":true,"message":"Buzz-Off API is running","timestamp":"2026-02-02T14:48:30.373Z"}
[2026-02-02T14:48:30.380Z] [INFO] 2. Testing Authentication Flow...
[2026-02-02T14:48:30.381Z] [INFO] Requesting OTP for +1234567890...
[2026-02-02T14:48:45.346Z] [INFO] OTP Requested successfully.
[2026-02-02T14:48:45.347Z] [INFO] Waiting for OTP file...
[2026-02-02T14:48:47.348Z] [ERROR] Failed to read OTP file: ENOENT: no such file or directory, open 'D:\Bee Operational System\frontend\otp.txt'
